// Jest Snapshot v1, https://goo.gl/fbAQLP

exports[`should render expense summary with multiple expenses. 1`] = `
<div
  className="bg-success"
>
  Viewing 
  <Component />
   
  expenses
   totalling 
  $0.00
</div>
`;

exports[`should render expense summary with single expense. 1`] = `
<div
  className="bg-success"
>
  Viewing 
  <Component />
   
  expenses
   totalling 
  $0.00
</div>
`;
