// Jest Snapshot v1, https://goo.gl/fbAQLP

exports[`should render NoFound Page correctly. 1`] = `
<div>
  <h1>
    404
    <Badge
      color="secondary"
      pill={false}
      tag="span"
    >
      No Found.
    </Badge>
  </h1>
  <Link
    replace={false}
    to="/"
  >
    Go Home
  </Link>
</div>
`;
